// Jest Snapshot v1, https://goo.gl/fbAQLP

exports[`components | header | Header Renders the component 1`] = `ShallowWrapper {}`;
