// Jest Snapshot v1, https://goo.gl/fbAQLP

exports[`components | categories | Categories Renders the component 1`] = `ShallowWrapper {}`;
