// Jest Snapshot v1, https://goo.gl/fbAQLP

exports[`components | card | Card Renders the component 1`] = `ShallowWrapper {}`;
